sift [1/580] i_ajuntament_1_to_2: correct=289/339, H error=0.52px
sift [2/580] i_ajuntament_1_to_3: correct=13/48, H error=9.89px
sift [3/580] i_ajuntament_1_to_4: correct=8/38, H error=466.75px
sift [4/580] i_ajuntament_1_to_5: correct=7/39, H error=447.51px
sift [5/580] i_ajuntament_1_to_6: correct=7/33, H error=1081.62px
sift [6/580] i_autannes_1_to_2: correct=462/490, H error=0.40px
sift [7/580] i_autannes_1_to_3: correct=185/218, H error=0.64px
sift [8/580] i_autannes_1_to_4: correct=23/69, H error=2.73px
sift [9/580] i_autannes_1_to_5: correct=29/63, H error=3.15px
sift [10/580] i_autannes_1_to_6: correct=226/252, H error=1.77px
sift [11/580] i_bologna_1_to_2: correct=99/104, H error=0.85px
sift [12/580] i_bologna_1_to_3: correct=78/86, H error=0.73px
sift [13/580] i_bologna_1_to_4: correct=84/91, H error=1.30px
sift [14/580] i_bologna_1_to_5: correct=74/85, H error=1.80px
sift [15/580] i_bologna_1_to_6: correct=55/58, H error=1.35px
sift [16/580] i_books_1_to_2: correct=277/311, H error=0.42px
sift [17/580] i_books_1_to_3: correct=483/515, H error=0.08px
sift [18/580] i_books_1_to_4: correct=488/521, H error=0.06px
sift [19/580] i_books_1_to_5: correct=546/571, H error=0.08px
sift [20/580] i_books_1_to_6: correct=418/453, H error=0.10px
sift [21/580] i_boutique_1_to_2: correct=569/636, H error=0.34px
sift [22/580] i_boutique_1_to_3: correct=250/323, H error=0.38px
sift [23/580] i_boutique_1_to_4: correct=243/321, H error=0.36px
sift [24/580] i_boutique_1_to_5: correct=23/72, H error=1.35px
sift [25/580] i_boutique_1_to_6: correct=26/77, H error=2.37px
sift [26/580] i_bridger_1_to_2: correct=412/481, H error=0.56px
sift [27/580] i_bridger_1_to_3: correct=365/431, H error=0.72px
sift [28/580] i_bridger_1_to_4: correct=247/302, H error=0.32px
sift [29/580] i_bridger_1_to_5: correct=130/193, H error=0.73px
sift [30/580] i_bridger_1_to_6: correct=12/44, H error=4.93px
sift [31/580] i_brooklyn_1_to_2: correct=333/396, H error=0.70px
sift [32/580] i_brooklyn_1_to_3: correct=77/822, H error=3.06px
sift [33/580] i_brooklyn_1_to_4: correct=65/131, H error=1.99px
sift [34/580] i_brooklyn_1_to_5: correct=28/819, H error=3.58px
sift [35/580] i_brooklyn_1_to_6: correct=11/418, H error=3.43px
sift [36/580] i_castle_1_to_2: correct=48/76, H error=1.15px
sift [37/580] i_castle_1_to_3: correct=162/201, H error=0.37px
sift [38/580] i_castle_1_to_4: correct=113/151, H error=0.70px
sift [39/580] i_castle_1_to_5: correct=44/75, H error=1.75px
sift [40/580] i_castle_1_to_6: correct=48/87, H error=0.87px
sift [41/580] i_chestnuts_1_to_2: correct=836/874, H error=0.15px
sift [42/580] i_chestnuts_1_to_3: correct=834/867, H error=0.12px
sift [43/580] i_chestnuts_1_to_4: correct=811/843, H error=0.32px
sift [44/580] i_chestnuts_1_to_5: correct=692/725, H error=0.30px
sift [45/580] i_chestnuts_1_to_6: correct=418/461, H error=0.26px
sift [46/580] i_contruction_1_to_2: correct=1522/1537, H error=0.10px
sift [47/580] i_contruction_1_to_3: correct=1537/1554, H error=0.02px
sift [48/580] i_contruction_1_to_4: correct=1075/1111, H error=0.28px
sift [49/580] i_contruction_1_to_5: correct=150/184, H error=2.04px
sift [50/580] i_contruction_1_to_6: correct=46/75, H error=1.22px
sift [51/580] i_crownday_1_to_2: correct=86/145, H error=0.72px
sift [52/580] i_crownday_1_to_3: correct=163/235, H error=0.70px
sift [53/580] i_crownday_1_to_4: correct=320/389, H error=0.65px
sift [54/580] i_crownday_1_to_5: correct=553/624, H error=0.47px
sift [55/580] i_crownday_1_to_6: correct=87/147, H error=0.84px
sift [56/580] i_crownnight_1_to_2: correct=209/265, H error=0.25px
sift [57/580] i_crownnight_1_to_3: correct=176/243, H error=0.49px
sift [58/580] i_crownnight_1_to_4: correct=141/204, H error=0.41px
sift [59/580] i_crownnight_1_to_5: correct=87/144, H error=0.42px
sift [60/580] i_crownnight_1_to_6: correct=1/44, H error=1133.84px
sift [61/580] i_dc_1_to_2: correct=94/162, H error=0.66px
sift [62/580] i_dc_1_to_3: correct=48/96, H error=1.24px
sift [63/580] i_dc_1_to_4: correct=51/100, H error=1.72px
sift [64/580] i_dc_1_to_5: correct=46/98, H error=2.33px
sift [65/580] i_dc_1_to_6: correct=72/119, H error=2.81px
sift [66/580] i_dome_1_to_2: correct=730/796, H error=0.07px
sift [67/580] i_dome_1_to_3: correct=14/77, H error=1.37px
sift [68/580] i_dome_1_to_4: correct=13/80, H error=1.75px
sift [69/580] i_dome_1_to_5: correct=15/77, H error=2.55px
sift [70/580] i_dome_1_to_6: correct=118/179, H error=0.33px
sift [71/580] i_duda_1_to_2: correct=1360/1394, H error=0.39px
sift [72/580] i_duda_1_to_3: correct=1013/1041, H error=0.55px
sift [73/580] i_duda_1_to_4: correct=601/653, H error=0.38px
sift [74/580] i_duda_1_to_5: correct=395/447, H error=0.62px
sift [75/580] i_duda_1_to_6: correct=170/211, H error=0.89px
sift [76/580] i_fenis_1_to_2: correct=405/427, H error=0.16px
sift [77/580] i_fenis_1_to_3: correct=173/209, H error=0.26px
sift [78/580] i_fenis_1_to_4: correct=63/95, H error=0.89px
sift [79/580] i_fenis_1_to_5: correct=55/85, H error=0.82px
sift [80/580] i_fenis_1_to_6: correct=49/80, H error=0.39px
sift [81/580] i_fog_1_to_2: correct=328/337, H error=0.22px
sift [82/580] i_fog_1_to_3: correct=205/215, H error=0.21px
sift [83/580] i_fog_1_to_4: correct=155/164, H error=0.25px
sift [84/580] i_fog_1_to_5: correct=114/122, H error=0.39px
sift [85/580] i_fog_1_to_6: correct=108/120, H error=1.56px
sift [86/580] i_fruits_1_to_2: correct=394/401, H error=0.20px
sift [87/580] i_fruits_1_to_3: correct=336/348, H error=0.18px
sift [88/580] i_fruits_1_to_4: correct=318/330, H error=0.24px
sift [89/580] i_fruits_1_to_5: correct=298/318, H error=0.37px
sift [90/580] i_fruits_1_to_6: correct=328/347, H error=0.39px
sift [91/580] i_gonnenberg_1_to_2: correct=585/603, H error=0.17px
sift [92/580] i_gonnenberg_1_to_3: correct=527/541, H error=0.28px
sift [93/580] i_gonnenberg_1_to_4: correct=404/428, H error=0.44px
sift [94/580] i_gonnenberg_1_to_5: correct=400/424, H error=0.15px
sift [95/580] i_gonnenberg_1_to_6: correct=468/487, H error=0.12px
sift [96/580] i_greenhouse_1_to_2: correct=226/254, H error=0.36px
sift [97/580] i_greenhouse_1_to_3: correct=296/331, H error=0.36px
sift [98/580] i_greenhouse_1_to_4: correct=221/253, H error=0.66px
sift [99/580] i_greenhouse_1_to_5: correct=183/207, H error=0.88px
sift [100/580] i_greenhouse_1_to_6: correct=147/177, H error=1.21px
sift [101/580] i_greentea_1_to_2: correct=827/855, H error=0.08px
sift [102/580] i_greentea_1_to_3: correct=905/926, H error=0.10px
sift [103/580] i_greentea_1_to_4: correct=929/957, H error=0.14px
sift [104/580] i_greentea_1_to_5: correct=936/959, H error=0.08px
sift [105/580] i_greentea_1_to_6: correct=751/789, H error=0.15px
sift [106/580] i_indiana_1_to_2: correct=275/330, H error=0.31px
sift [107/580] i_indiana_1_to_3: correct=142/196, H error=0.46px
sift [108/580] i_indiana_1_to_4: correct=73/134, H error=0.76px
sift [109/580] i_indiana_1_to_5: correct=41/91, H error=2.38px
sift [110/580] i_indiana_1_to_6: correct=36/89, H error=1.23px
sift [111/580] i_kions_1_to_2: correct=133/211, H error=1.15px
sift [112/580] i_kions_1_to_3: correct=101/197, H error=1.60px
sift [113/580] i_kions_1_to_4: correct=25/93, H error=2.72px
sift [114/580] i_kions_1_to_5: correct=26/97, H error=2.46px
sift [115/580] i_kions_1_to_6: correct=71/152, H error=0.60px
sift [116/580] i_ktirio_1_to_2: correct=916/1002, H error=0.13px
sift [117/580] i_ktirio_1_to_3: correct=154/254, H error=0.45px
sift [118/580] i_ktirio_1_to_4: correct=57/131, H error=2.00px
sift [119/580] i_ktirio_1_to_5: correct=124/211, H error=0.39px
sift [120/580] i_ktirio_1_to_6: correct=35/108, H error=1.09px
sift [121/580] i_kurhaus_1_to_2: correct=1022/1058, H error=0.19px
sift [122/580] i_kurhaus_1_to_3: correct=779/812, H error=0.23px
sift [123/580] i_kurhaus_1_to_4: correct=646/681, H error=0.28px
sift [124/580] i_kurhaus_1_to_5: correct=483/524, H error=0.40px
sift [125/580] i_kurhaus_1_to_6: correct=369/412, H error=0.34px
sift [126/580] i_leuven_1_to_2: correct=621/649, H error=1.83px
sift [127/580] i_leuven_1_to_3: correct=553/582, H error=1.94px
sift [128/580] i_leuven_1_to_4: correct=382/419, H error=3.85px
sift [129/580] i_leuven_1_to_5: correct=198/231, H error=2.98px
sift [130/580] i_leuven_1_to_6: correct=47/97, H error=14.45px
sift [131/580] i_lionday_1_to_2: correct=48/100, H error=3.72px
sift [132/580] i_lionday_1_to_3: correct=117/165, H error=1.46px
sift [133/580] i_lionday_1_to_4: correct=23/68, H error=2.05px
sift [134/580] i_lionday_1_to_5: correct=38/92, H error=3.35px
sift [135/580] i_lionday_1_to_6: correct=93/153, H error=2.15px
sift [136/580] i_lionnight_1_to_2: correct=130/162, H error=1.49px
sift [137/580] i_lionnight_1_to_3: correct=33/48, H error=3.48px
sift [138/580] i_lionnight_1_to_4: correct=263/368, H error=1.13px
sift [139/580] i_lionnight_1_to_5: correct=232/305, H error=1.48px
sift [140/580] i_lionnight_1_to_6: correct=163/207, H error=1.57px
sift [141/580] i_londonbridge_1_to_2: correct=68/878, H error=3.46px
sift [142/580] i_londonbridge_1_to_3: correct=204/474, H error=2.58px
sift [143/580] i_londonbridge_1_to_4: correct=120/562, H error=4.01px
sift [144/580] i_londonbridge_1_to_5: correct=0/158, H error=6.14px
sift [145/580] i_londonbridge_1_to_6: correct=18/65, H error=1.92px
sift [146/580] i_melon_1_to_2: correct=585/605, H error=0.39px
sift [147/580] i_melon_1_to_3: correct=311/341, H error=0.57px
sift [148/580] i_melon_1_to_4: correct=40/64, H error=0.90px
sift [149/580] i_melon_1_to_5: correct=310/332, H error=0.47px
sift [150/580] i_melon_1_to_6: correct=221/248, H error=0.65px
sift [151/580] i_miniature_1_to_2: correct=762/815, H error=0.41px
sift [152/580] i_miniature_1_to_3: correct=227/283, H error=0.78px
sift [153/580] i_miniature_1_to_4: correct=45/91, H error=1.01px
sift [154/580] i_miniature_1_to_5: correct=13/54, H error=2.10px
sift [155/580] i_miniature_1_to_6: correct=279/323, H error=0.60px
sift [156/580] i_nescafe_1_to_2: correct=604/641, H error=0.18px
sift [157/580] i_nescafe_1_to_3: correct=637/660, H error=0.21px
sift [158/580] i_nescafe_1_to_4: correct=714/757, H error=0.14px
sift [159/580] i_nescafe_1_to_5: correct=493/531, H error=0.23px
sift [160/580] i_nescafe_1_to_6: correct=496/522, H error=0.12px
sift [161/580] i_nijmegen_1_to_2: correct=389/498, H error=2.17px
sift [162/580] i_nijmegen_1_to_3: correct=470/571, H error=1.82px
sift [163/580] i_nijmegen_1_to_4: correct=50/109, H error=1.72px
sift [164/580] i_nijmegen_1_to_5: correct=480/577, H error=1.63px
sift [165/580] i_nijmegen_1_to_6: correct=357/440, H error=1.41px
sift [166/580] i_nuts_1_to_2: correct=92/128, H error=0.40px
sift [167/580] i_nuts_1_to_3: correct=31/52, H error=0.79px
sift [168/580] i_nuts_1_to_4: correct=10/21, H error=8.17px
sift [169/580] i_nuts_1_to_5: correct=2/20, H error=415.55px
sift [170/580] i_nuts_1_to_6: correct=1/12, H error=427.31px
sift [171/580] i_objects_1_to_2: correct=454/516, H error=1.42px
sift [172/580] i_objects_1_to_3: correct=325/403, H error=1.41px
sift [173/580] i_objects_1_to_4: correct=130/199, H error=1.49px
sift [174/580] i_objects_1_to_5: correct=200/256, H error=1.36px
sift [175/580] i_objects_1_to_6: correct=727/781, H error=0.64px
sift [176/580] i_parking_1_to_2: correct=246/278, H error=0.31px
sift [177/580] i_parking_1_to_3: correct=212/238, H error=0.34px
sift [178/580] i_parking_1_to_4: correct=104/137, H error=1.57px
sift [179/580] i_parking_1_to_5: correct=83/100, H error=1.46px
sift [180/580] i_parking_1_to_6: correct=123/142, H error=1.71px
sift [181/580] i_partyfood_1_to_2: correct=680/688, H error=0.27px
sift [182/580] i_partyfood_1_to_3: correct=486/498, H error=0.22px
sift [183/580] i_partyfood_1_to_4: correct=368/389, H error=0.41px
sift [184/580] i_partyfood_1_to_5: correct=336/354, H error=0.59px
sift [185/580] i_partyfood_1_to_6: correct=269/293, H error=1.58px
sift [186/580] i_pencils_1_to_2: correct=104/217, H error=1.66px
sift [187/580] i_pencils_1_to_3: correct=0/123, H error=9.33px
sift [188/580] i_pencils_1_to_4: correct=0/241, H error=11.10px
sift [189/580] i_pencils_1_to_5: correct=44/133, H error=1.79px
sift [190/580] i_pencils_1_to_6: correct=67/165, H error=4.97px
sift [191/580] i_pinard_1_to_2: correct=315/343, H error=0.25px
sift [192/580] i_pinard_1_to_3: correct=299/324, H error=0.34px
sift [193/580] i_pinard_1_to_4: correct=336/362, H error=0.44px
sift [194/580] i_pinard_1_to_5: correct=359/387, H error=0.55px
sift [195/580] i_pinard_1_to_6: correct=306/338, H error=0.53px
sift [196/580] i_pool_1_to_2: correct=6/42, H error=418.25px
sift [197/580] i_pool_1_to_3: correct=2/22, H error=610.23px
sift [198/580] i_pool_1_to_4: correct=1/36, H error=577.81px
sift [199/580] i_pool_1_to_5: correct=6/29, H error=63.48px
sift [200/580] i_pool_1_to_6: correct=3/26, H error=708.53px
sift [201/580] i_porta_1_to_2: correct=246/307, H error=0.23px
sift [202/580] i_porta_1_to_3: correct=250/312, H error=0.54px
sift [203/580] i_porta_1_to_4: correct=155/223, H error=0.65px
sift [204/580] i_porta_1_to_5: correct=105/152, H error=1.16px
sift [205/580] i_porta_1_to_6: correct=95/137, H error=0.62px
sift [206/580] i_resort_1_to_2: correct=421/467, H error=0.35px
sift [207/580] i_resort_1_to_3: correct=945/984, H error=0.24px
sift [208/580] i_resort_1_to_4: correct=847/899, H error=0.23px
sift [209/580] i_resort_1_to_5: correct=361/409, H error=0.61px
sift [210/580] i_resort_1_to_6: correct=575/631, H error=1.69px
sift [211/580] i_salon_1_to_2: correct=926/1007, H error=0.33px
sift [212/580] i_salon_1_to_3: correct=299/370, H error=0.35px
sift [213/580] i_salon_1_to_4: correct=63/111, H error=0.30px
sift [214/580] i_salon_1_to_5: correct=531/586, H error=0.16px
sift [215/580] i_salon_1_to_6: correct=238/290, H error=0.75px
sift [216/580] i_santuario_1_to_2: correct=409/514, H error=2.58px
sift [217/580] i_santuario_1_to_3: correct=337/540, H error=3.14px
sift [218/580] i_santuario_1_to_4: correct=83/326, H error=3.75px
sift [219/580] i_santuario_1_to_5: correct=335/407, H error=0.79px
sift [220/580] i_santuario_1_to_6: correct=197/280, H error=1.78px
sift [221/580] i_school_1_to_2: correct=476/504, H error=0.18px
sift [222/580] i_school_1_to_3: correct=477/509, H error=0.26px
sift [223/580] i_school_1_to_4: correct=177/220, H error=0.76px
sift [224/580] i_school_1_to_5: correct=348/384, H error=0.96px
sift [225/580] i_school_1_to_6: correct=176/214, H error=1.77px
sift [226/580] i_ski_1_to_2: correct=675/705, H error=0.30px
sift [227/580] i_ski_1_to_3: correct=445/492, H error=0.43px
sift [228/580] i_ski_1_to_4: correct=331/373, H error=0.67px
sift [229/580] i_ski_1_to_5: correct=245/282, H error=0.60px
sift [230/580] i_ski_1_to_6: correct=174/202, H error=0.79px
sift [231/580] i_smurf_1_to_2: correct=740/788, H error=0.14px
sift [232/580] i_smurf_1_to_3: correct=704/740, H error=0.10px
sift [233/580] i_smurf_1_to_4: correct=613/657, H error=0.07px
sift [234/580] i_smurf_1_to_5: correct=539/580, H error=0.17px
sift [235/580] i_smurf_1_to_6: correct=454/498, H error=0.33px
sift [236/580] i_steps_1_to_2: correct=388/452, H error=0.81px
sift [237/580] i_steps_1_to_3: correct=583/644, H error=1.21px
sift [238/580] i_steps_1_to_4: correct=591/634, H error=1.35px
sift [239/580] i_steps_1_to_5: correct=138/186, H error=1.51px
sift [240/580] i_steps_1_to_6: correct=298/364, H error=1.53px
sift [241/580] i_table_1_to_2: correct=454/516, H error=1.42px
sift [242/580] i_table_1_to_3: correct=325/403, H error=1.41px
sift [243/580] i_table_1_to_4: correct=130/199, H error=1.49px
sift [244/580] i_table_1_to_5: correct=200/256, H error=1.36px
sift [245/580] i_table_1_to_6: correct=727/781, H error=0.64px
sift [246/580] i_tools_1_to_2: correct=50/168, H error=6.05px
sift [247/580] i_tools_1_to_3: correct=71/207, H error=3.42px
sift [248/580] i_tools_1_to_4: correct=45/183, H error=3.18px
sift [249/580] i_tools_1_to_5: correct=142/489, H error=3.02px
sift [250/580] i_tools_1_to_6: correct=0/172, H error=4.30px
sift [251/580] i_toy_1_to_2: correct=666/684, H error=0.26px
sift [252/580] i_toy_1_to_3: correct=525/549, H error=0.31px
sift [253/580] i_toy_1_to_4: correct=321/344, H error=0.26px
sift [254/580] i_toy_1_to_5: correct=160/176, H error=0.54px
sift [255/580] i_toy_1_to_6: correct=58/69, H error=0.85px
sift [256/580] i_troulos_1_to_2: correct=96/129, H error=0.88px
sift [257/580] i_troulos_1_to_3: correct=6/103, H error=4.21px
sift [258/580] i_troulos_1_to_4: correct=266/301, H error=0.44px
sift [259/580] i_troulos_1_to_5: correct=78/109, H error=0.94px
sift [260/580] i_troulos_1_to_6: correct=142/185, H error=1.88px
sift [261/580] i_veggies_1_to_2: correct=1076/1116, H error=0.15px
sift [262/580] i_veggies_1_to_3: correct=449/504, H error=0.21px
sift [263/580] i_veggies_1_to_4: correct=461/521, H error=0.25px
sift [264/580] i_veggies_1_to_5: correct=75/147, H error=0.65px
sift [265/580] i_veggies_1_to_6: correct=60/137, H error=0.65px
sift [266/580] i_village_1_to_2: correct=82/104, H error=0.51px
sift [267/580] i_village_1_to_3: correct=70/93, H error=0.94px
sift [268/580] i_village_1_to_4: correct=71/97, H error=0.96px
sift [269/580] i_village_1_to_5: correct=444/469, H error=0.78px
sift [270/580] i_village_1_to_6: correct=84/114, H error=1.37px
sift [271/580] i_whitebuilding_1_to_2: correct=909/967, H error=0.16px
sift [272/580] i_whitebuilding_1_to_3: correct=581/654, H error=0.29px
sift [273/580] i_whitebuilding_1_to_4: correct=272/352, H error=0.35px
sift [274/580] i_whitebuilding_1_to_5: correct=256/358, H error=0.46px
sift [275/580] i_whitebuilding_1_to_6: correct=244/332, H error=0.54px
sift [276/580] i_yellowtent_1_to_2: correct=986/1067, H error=0.19px
sift [277/580] i_yellowtent_1_to_3: correct=411/494, H error=0.32px
sift [278/580] i_yellowtent_1_to_4: correct=125/200, H error=0.42px
sift [279/580] i_yellowtent_1_to_5: correct=238/324, H error=0.42px
sift [280/580] i_yellowtent_1_to_6: correct=107/180, H error=0.77px
sift [281/580] i_zion_1_to_2: correct=622/638, H error=0.44px
sift [282/580] i_zion_1_to_3: correct=171/197, H error=1.00px
sift [283/580] i_zion_1_to_4: correct=91/118, H error=1.33px
sift [284/580] i_zion_1_to_5: correct=36/63, H error=3.25px
sift [285/580] i_zion_1_to_6: correct=12/36, H error=13.62px
sift [286/580] v_abstract_1_to_2: correct=708/809, H error=0.70px
sift [287/580] v_abstract_1_to_3: correct=559/670, H error=0.83px
sift [288/580] v_abstract_1_to_4: correct=171/289, H error=3.43px
sift [289/580] v_abstract_1_to_5: correct=386/544, H error=0.75px
sift [290/580] v_abstract_1_to_6: correct=117/289, H error=5.24px
sift [291/580] v_adam_1_to_2: correct=258/267, H error=0.89px
sift [292/580] v_adam_1_to_3: correct=189/196, H error=1.34px
sift [293/580] v_adam_1_to_4: correct=63/81, H error=3.07px
sift [294/580] v_adam_1_to_5: correct=155/166, H error=1.54px
sift [295/580] v_adam_1_to_6: correct=124/142, H error=2.48px
sift [296/580] v_apprentices_1_to_2: correct=1200/1237, H error=0.70px
sift [297/580] v_apprentices_1_to_3: correct=833/888, H error=2.61px
sift [298/580] v_apprentices_1_to_4: correct=398/469, H error=2.55px
sift [299/580] v_apprentices_1_to_5: correct=217/292, H error=3.05px
sift [300/580] v_apprentices_1_to_6: correct=254/326, H error=2.19px
sift [301/580] v_artisans_1_to_2: correct=259/283, H error=0.68px
sift [302/580] v_artisans_1_to_3: correct=234/263, H error=1.65px
sift [303/580] v_artisans_1_to_4: correct=487/510, H error=4.58px
sift [304/580] v_artisans_1_to_5: correct=47/77, H error=192.77px
sift [305/580] v_artisans_1_to_6: correct=352/367, H error=0.27px
sift [306/580] v_astronautis_1_to_2: correct=729/782, H error=2.31px
sift [307/580] v_astronautis_1_to_3: correct=141/197, H error=10.58px
sift [308/580] v_astronautis_1_to_4: correct=314/358, H error=1.52px
sift [309/580] v_astronautis_1_to_5: correct=96/137, H error=8.48px
sift [310/580] v_astronautis_1_to_6: correct=196/276, H error=6.76px
sift [311/580] v_azzola_1_to_2: correct=603/740, H error=5.70px
sift [312/580] v_azzola_1_to_3: correct=114/230, H error=7.03px
sift [313/580] v_azzola_1_to_4: correct=1009/1074, H error=0.99px
sift [314/580] v_azzola_1_to_5: correct=283/445, H error=4.96px
sift [315/580] v_azzola_1_to_6: correct=33/97, H error=5.22px
sift [316/580] v_bark_1_to_2: correct=413/430, H error=0.39px
sift [317/580] v_bark_1_to_3: correct=270/285, H error=0.71px
sift [318/580] v_bark_1_to_4: correct=267/287, H error=0.48px
sift [319/580] v_bark_1_to_5: correct=198/222, H error=0.25px
sift [320/580] v_bark_1_to_6: correct=92/119, H error=0.52px
sift [321/580] v_bees_1_to_2: correct=1054/1102, H error=0.61px
sift [322/580] v_bees_1_to_3: correct=1169/1203, H error=1.00px
sift [323/580] v_bees_1_to_4: correct=1060/1095, H error=1.57px
sift [324/580] v_bees_1_to_5: correct=464/512, H error=5.14px
sift [325/580] v_bees_1_to_6: correct=535/634, H error=2.52px
sift [326/580] v_beyus_1_to_2: correct=207/282, H error=2.45px
sift [327/580] v_beyus_1_to_3: correct=14/69, H error=8.36px
sift [328/580] v_beyus_1_to_4: correct=513/562, H error=0.35px
sift [329/580] v_beyus_1_to_5: correct=46/112, H error=6.02px
sift [330/580] v_beyus_1_to_6: correct=124/211, H error=1.28px
sift [331/580] v_bip_1_to_2: correct=792/831, H error=0.19px
sift [332/580] v_bip_1_to_3: correct=704/740, H error=0.20px
sift [333/580] v_bip_1_to_4: correct=703/752, H error=0.29px
sift [334/580] v_bip_1_to_5: correct=465/536, H error=0.31px
sift [335/580] v_bip_1_to_6: correct=343/391, H error=0.52px
sift [336/580] v_bird_1_to_2: correct=771/828, H error=0.47px
sift [337/580] v_bird_1_to_3: correct=486/558, H error=4.35px
sift [338/580] v_bird_1_to_4: correct=425/520, H error=6.49px
sift [339/580] v_bird_1_to_5: correct=196/327, H error=17.12px
sift [340/580] v_bird_1_to_6: correct=14/76, H error=42.73px
sift [341/580] v_birdwoman_1_to_2: correct=30/51, H error=0.92px
sift [342/580] v_birdwoman_1_to_3: correct=36/76, H error=12.71px
sift [343/580] v_birdwoman_1_to_4: correct=168/205, H error=0.86px
sift [344/580] v_birdwoman_1_to_5: correct=510/580, H error=0.32px
sift [345/580] v_birdwoman_1_to_6: correct=162/189, H error=1.16px
sift [346/580] v_blueprint_1_to_2: correct=739/756, H error=0.56px
sift [347/580] v_blueprint_1_to_3: correct=373/482, H error=5.63px
sift [348/580] v_blueprint_1_to_4: correct=570/595, H error=0.89px
sift [349/580] v_blueprint_1_to_5: correct=148/175, H error=2.45px
sift [350/580] v_blueprint_1_to_6: correct=33/52, H error=1.72px
sift [351/580] v_boat_1_to_2: correct=802/842, H error=0.78px
sift [352/580] v_boat_1_to_3: correct=688/712, H error=0.24px
sift [353/580] v_boat_1_to_4: correct=416/461, H error=2.17px
sift [354/580] v_boat_1_to_5: correct=295/344, H error=1.45px
sift [355/580] v_boat_1_to_6: correct=208/267, H error=1.78px
sift [356/580] v_bricks_1_to_2: correct=1052/1054, H error=0.14px
sift [357/580] v_bricks_1_to_3: correct=865/877, H error=0.35px
sift [358/580] v_bricks_1_to_4: correct=488/501, H error=0.51px
sift [359/580] v_bricks_1_to_5: correct=113/124, H error=1.14px
sift [360/580] v_bricks_1_to_6: correct=9/24, H error=4.84px
sift [361/580] v_busstop_1_to_2: correct=986/1012, H error=5.38px
sift [362/580] v_busstop_1_to_3: correct=534/582, H error=6.41px
sift [363/580] v_busstop_1_to_4: correct=596/631, H error=6.31px
sift [364/580] v_busstop_1_to_5: correct=740/759, H error=2.27px
sift [365/580] v_busstop_1_to_6: correct=1006/1022, H error=1.67px
sift [366/580] v_calder_1_to_2: correct=562/646, H error=0.36px
sift [367/580] v_calder_1_to_3: correct=1030/1062, H error=0.43px
sift [368/580] v_calder_1_to_4: correct=98/186, H error=1.13px
sift [369/580] v_calder_1_to_5: correct=212/286, H error=1.14px
sift [370/580] v_calder_1_to_6: correct=24/105, H error=5.85px
sift [371/580] v_cartooncity_1_to_2: correct=765/813, H error=0.32px
sift [372/580] v_cartooncity_1_to_3: correct=166/232, H error=3.62px
sift [373/580] v_cartooncity_1_to_4: correct=788/812, H error=0.46px
sift [374/580] v_cartooncity_1_to_5: correct=90/164, H error=5.65px
sift [375/580] v_cartooncity_1_to_6: correct=150/233, H error=5.00px
sift [376/580] v_charing_1_to_2: correct=120/181, H error=8.68px
sift [377/580] v_charing_1_to_3: correct=23/37, H error=58.07px
sift [378/580] v_charing_1_to_4: correct=288/308, H error=3.38px
sift [379/580] v_charing_1_to_5: correct=107/117, H error=150.43px
sift [380/580] v_charing_1_to_6: correct=47/61, H error=669.06px
sift [381/580] v_churchill_1_to_2: correct=806/852, H error=6.48px
sift [382/580] v_churchill_1_to_3: correct=418/491, H error=5.35px
sift [383/580] v_churchill_1_to_4: correct=236/306, H error=4.89px
sift [384/580] v_churchill_1_to_5: correct=1237/1265, H error=0.18px
sift [385/580] v_churchill_1_to_6: correct=62/138, H error=3.48px
sift [386/580] v_circus_1_to_2: correct=903/964, H error=0.34px
sift [387/580] v_circus_1_to_3: correct=391/525, H error=2.53px
sift [388/580] v_circus_1_to_4: correct=124/220, H error=13.88px
sift [389/580] v_circus_1_to_5: correct=604/743, H error=2.11px
sift [390/580] v_circus_1_to_6: correct=259/386, H error=2.35px
sift [391/580] v_coffeehouse_1_to_2: correct=433/512, H error=1.57px
sift [392/580] v_coffeehouse_1_to_3: correct=598/669, H error=2.32px
sift [393/580] v_coffeehouse_1_to_4: correct=452/683, H error=3.70px
sift [394/580] v_coffeehouse_1_to_5: correct=397/456, H error=1.68px
sift [395/580] v_coffeehouse_1_to_6: correct=190/332, H error=11.78px
sift [396/580] v_colors_1_to_2: correct=55/107, H error=0.25px
sift [397/580] v_colors_1_to_3: correct=35/84, H error=1.86px
sift [398/580] v_colors_1_to_4: correct=3/34, H error=983.76px
sift [399/580] v_colors_1_to_5: correct=2/30, H error=13995.90px
sift [400/580] v_colors_1_to_6: correct=2/27, H error=1518.92px
sift [401/580] v_courses_1_to_2: correct=1076/1143, H error=1.76px
sift [402/580] v_courses_1_to_3: correct=539/737, H error=9.09px
sift [403/580] v_courses_1_to_4: correct=688/831, H error=6.83px
sift [404/580] v_courses_1_to_5: correct=219/442, H error=19.07px
sift [405/580] v_courses_1_to_6: correct=100/329, H error=40.06px
sift [406/580] v_dirtywall_1_to_2: correct=967/981, H error=0.64px
sift [407/580] v_dirtywall_1_to_3: correct=491/529, H error=0.79px
sift [408/580] v_dirtywall_1_to_4: correct=197/229, H error=3.75px
sift [409/580] v_dirtywall_1_to_5: correct=500/521, H error=1.55px
sift [410/580] v_dirtywall_1_to_6: correct=99/130, H error=2.46px
sift [411/580] v_dogman_1_to_2: correct=474/521, H error=1.85px
sift [412/580] v_dogman_1_to_3: correct=625/699, H error=0.50px
sift [413/580] v_dogman_1_to_4: correct=42/101, H error=14.37px
sift [414/580] v_dogman_1_to_5: correct=297/345, H error=2.35px
sift [415/580] v_dogman_1_to_6: correct=13/69, H error=115.64px
sift [416/580] v_eastsouth_1_to_2: correct=797/813, H error=0.41px
sift [417/580] v_eastsouth_1_to_3: correct=557/578, H error=0.41px
sift [418/580] v_eastsouth_1_to_4: correct=350/378, H error=0.78px
sift [419/580] v_eastsouth_1_to_5: correct=256/297, H error=0.49px
sift [420/580] v_eastsouth_1_to_6: correct=150/183, H error=0.38px
sift [421/580] v_feast_1_to_2: correct=702/725, H error=0.32px
sift [422/580] v_feast_1_to_3: correct=655/682, H error=2.37px
sift [423/580] v_feast_1_to_4: correct=259/298, H error=1.64px
sift [424/580] v_feast_1_to_5: correct=608/662, H error=5.37px
sift [425/580] v_feast_1_to_6: correct=316/375, H error=5.48px
sift [426/580] v_fest_1_to_2: correct=859/886, H error=0.97px
sift [427/580] v_fest_1_to_3: correct=238/317, H error=7.88px
sift [428/580] v_fest_1_to_4: correct=746/782, H error=1.05px
sift [429/580] v_fest_1_to_5: correct=411/474, H error=2.29px
sift [430/580] v_fest_1_to_6: correct=194/269, H error=3.21px
sift [431/580] v_gardens_1_to_2: correct=540/602, H error=2.71px
sift [432/580] v_gardens_1_to_3: correct=60/144, H error=7.44px
sift [433/580] v_gardens_1_to_4: correct=798/842, H error=0.43px
sift [434/580] v_gardens_1_to_5: correct=133/187, H error=8.51px
sift [435/580] v_gardens_1_to_6: correct=889/914, H error=0.85px
sift [436/580] v_grace_1_to_2: correct=927/1013, H error=0.83px
sift [437/580] v_grace_1_to_3: correct=605/719, H error=1.13px
sift [438/580] v_grace_1_to_4: correct=312/485, H error=1.35px
sift [439/580] v_grace_1_to_5: correct=89/257, H error=4.62px
sift [440/580] v_grace_1_to_6: correct=6/119, H error=922.21px
sift [441/580] v_graffiti_1_to_2: correct=782/826, H error=0.83px
sift [442/580] v_graffiti_1_to_3: correct=344/472, H error=1.09px
sift [443/580] v_graffiti_1_to_4: correct=67/140, H error=2.48px
sift [444/580] v_graffiti_1_to_5: correct=6/91, H error=642.13px
sift [445/580] v_graffiti_1_to_6: correct=0/53, H error=425.06px
sift [446/580] v_home_1_to_2: correct=440/476, H error=1.67px
sift [447/580] v_home_1_to_3: correct=101/166, H error=5.41px
sift [448/580] v_home_1_to_4: correct=462/521, H error=3.26px
sift [449/580] v_home_1_to_5: correct=36/95, H error=20.59px
sift [450/580] v_home_1_to_6: correct=918/942, H error=0.66px
sift [451/580] v_laptop_1_to_2: correct=1054/1065, H error=0.08px
sift [452/580] v_laptop_1_to_3: correct=673/695, H error=0.17px
sift [453/580] v_laptop_1_to_4: correct=537/558, H error=0.28px
sift [454/580] v_laptop_1_to_5: correct=555/573, H error=0.27px
sift [455/580] v_laptop_1_to_6: correct=688/708, H error=0.29px
sift [456/580] v_london_1_to_2: correct=780/795, H error=0.23px
sift [457/580] v_london_1_to_3: correct=633/648, H error=0.28px
sift [458/580] v_london_1_to_4: correct=504/530, H error=1.83px
sift [459/580] v_london_1_to_5: correct=557/574, H error=0.46px
sift [460/580] v_london_1_to_6: correct=519/535, H error=0.55px
sift [461/580] v_machines_1_to_2: correct=633/802, H error=4.28px
sift [462/580] v_machines_1_to_3: correct=90/222, H error=11.14px
sift [463/580] v_machines_1_to_4: correct=667/771, H error=2.14px
sift [464/580] v_machines_1_to_5: correct=115/216, H error=5.52px
sift [465/580] v_machines_1_to_6: correct=830/896, H error=0.31px
sift [466/580] v_man_1_to_2: correct=558/685, H error=4.74px
sift [467/580] v_man_1_to_3: correct=134/278, H error=15.16px
sift [468/580] v_man_1_to_4: correct=49/129, H error=9.28px
sift [469/580] v_man_1_to_5: correct=373/530, H error=5.53px
sift [470/580] v_man_1_to_6: correct=442/584, H error=5.33px
sift [471/580] v_maskedman_1_to_2: correct=433/460, H error=2.34px
sift [472/580] v_maskedman_1_to_3: correct=383/423, H error=5.65px
sift [473/580] v_maskedman_1_to_4: correct=495/543, H error=5.15px
sift [474/580] v_maskedman_1_to_5: correct=602/650, H error=3.60px
sift [475/580] v_maskedman_1_to_6: correct=35/77, H error=7.91px
sift [476/580] v_pomegranate_1_to_2: correct=590/682, H error=4.39px
sift [477/580] v_pomegranate_1_to_3: correct=563/735, H error=3.33px
sift [478/580] v_pomegranate_1_to_4: correct=658/706, H error=1.93px
sift [479/580] v_pomegranate_1_to_5: correct=606/705, H error=1.66px
sift [480/580] v_pomegranate_1_to_6: correct=561/620, H error=2.16px
sift [481/580] v_posters_1_to_2: correct=369/423, H error=1.07px
sift [482/580] v_posters_1_to_3: correct=486/540, H error=2.52px
sift [483/580] v_posters_1_to_4: correct=480/527, H error=1.34px
sift [484/580] v_posters_1_to_5: correct=162/227, H error=1.53px
sift [485/580] v_posters_1_to_6: correct=126/217, H error=4.93px
sift [486/580] v_samples_1_to_2: correct=893/945, H error=0.18px
sift [487/580] v_samples_1_to_3: correct=863/913, H error=0.33px
sift [488/580] v_samples_1_to_4: correct=597/670, H error=0.69px
sift [489/580] v_samples_1_to_5: correct=731/783, H error=0.69px
sift [490/580] v_samples_1_to_6: correct=450/531, H error=0.92px
sift [491/580] v_soldiers_1_to_2: correct=180/194, H error=1.39px
sift [492/580] v_soldiers_1_to_3: correct=141/160, H error=8.44px
sift [493/580] v_soldiers_1_to_4: correct=111/125, H error=2.21px
sift [494/580] v_soldiers_1_to_5: correct=68/85, H error=17.18px
sift [495/580] v_soldiers_1_to_6: correct=183/206, H error=2.14px
sift [496/580] v_strand_1_to_2: correct=1262/1295, H error=0.38px
sift [497/580] v_strand_1_to_3: correct=743/1001, H error=8.44px
sift [498/580] v_strand_1_to_4: correct=613/762, H error=5.19px
sift [499/580] v_strand_1_to_5: correct=562/756, H error=8.09px
sift [500/580] v_strand_1_to_6: correct=318/503, H error=15.65px
sift [501/580] v_sunseason_1_to_2: correct=922/1065, H error=0.23px
sift [502/580] v_sunseason_1_to_3: correct=530/694, H error=0.33px
sift [503/580] v_sunseason_1_to_4: correct=223/465, H error=2.19px
sift [504/580] v_sunseason_1_to_5: correct=111/276, H error=2.90px
sift [505/580] v_sunseason_1_to_6: correct=40/151, H error=4.60px
sift [506/580] v_tabletop_1_to_2: correct=675/728, H error=4.74px
sift [507/580] v_tabletop_1_to_3: correct=48/136, H error=1.33px
sift [508/580] v_tabletop_1_to_4: correct=26/106, H error=1.62px
sift [509/580] v_tabletop_1_to_5: correct=23/121, H error=1034.79px
sift [510/580] v_tabletop_1_to_6: correct=34/120, H error=3.47px
sift [511/580] v_talent_1_to_2: correct=392/503, H error=1.14px
sift [512/580] v_talent_1_to_3: correct=345/503, H error=1.66px
sift [513/580] v_talent_1_to_4: correct=148/252, H error=1.86px
sift [514/580] v_talent_1_to_5: correct=32/122, H error=4.52px
sift [515/580] v_talent_1_to_6: correct=216/376, H error=1.38px
sift [516/580] v_tempera_1_to_2: correct=686/722, H error=0.13px
sift [517/580] v_tempera_1_to_3: correct=497/563, H error=0.64px
sift [518/580] v_tempera_1_to_4: correct=555/619, H error=0.60px
sift [519/580] v_tempera_1_to_5: correct=339/392, H error=0.97px
sift [520/580] v_tempera_1_to_6: correct=29/75, H error=7.65px
sift [521/580] v_there_1_to_2: correct=171/230, H error=0.43px
sift [522/580] v_there_1_to_3: correct=6/47, H error=8.53px
sift [523/580] v_there_1_to_4: correct=1/47, H error=720.37px
sift [524/580] v_there_1_to_5: correct=2/30, H error=527.36px
sift [525/580] v_there_1_to_6: correct=0/22, H error=4206.85px
sift [526/580] v_underground_1_to_2: correct=916/970, H error=0.20px
sift [527/580] v_underground_1_to_3: correct=382/464, H error=0.75px
sift [528/580] v_underground_1_to_4: correct=162/227, H error=4.40px
sift [529/580] v_underground_1_to_5: correct=60/122, H error=1.95px
sift [530/580] v_underground_1_to_6: correct=15/52, H error=14.40px
sift [531/580] v_vitro_1_to_2: correct=714/838, H error=0.23px
sift [532/580] v_vitro_1_to_3: correct=427/545, H error=0.89px
sift [533/580] v_vitro_1_to_4: correct=164/268, H error=1.76px
sift [534/580] v_vitro_1_to_5: correct=620/739, H error=1.23px
sift [535/580] v_vitro_1_to_6: correct=286/394, H error=0.96px
sift [536/580] v_wall_1_to_2: correct=603/621, H error=1.92px
sift [537/580] v_wall_1_to_3: correct=425/509, H error=4.36px
sift [538/580] v_wall_1_to_4: correct=850/866, H error=0.36px
sift [539/580] v_wall_1_to_5: correct=368/440, H error=2.18px
sift [540/580] v_wall_1_to_6: correct=297/413, H error=10.50px
sift [541/580] v_wapping_1_to_2: correct=74/103, H error=0.89px
sift [542/580] v_wapping_1_to_3: correct=64/88, H error=7.64px
sift [543/580] v_wapping_1_to_4: correct=150/179, H error=5.81px
sift [544/580] v_wapping_1_to_5: correct=25/60, H error=8.24px
sift [545/580] v_wapping_1_to_6: correct=6/27, H error=405.33px
sift [546/580] v_war_1_to_2: correct=255/456, H error=5.63px
sift [547/580] v_war_1_to_3: correct=87/220, H error=4.36px
sift [548/580] v_war_1_to_4: correct=1005/1080, H error=0.70px
sift [549/580] v_war_1_to_5: correct=600/717, H error=4.31px
sift [550/580] v_war_1_to_6: correct=22/150, H error=21.84px
sift [551/580] v_weapons_1_to_2: correct=1035/1063, H error=0.92px
sift [552/580] v_weapons_1_to_3: correct=477/534, H error=0.75px
sift [553/580] v_weapons_1_to_4: correct=863/893, H error=1.88px
sift [554/580] v_weapons_1_to_5: correct=716/771, H error=2.40px
sift [555/580] v_weapons_1_to_6: correct=529/589, H error=3.47px
sift [556/580] v_woman_1_to_2: correct=264/301, H error=0.34px
sift [557/580] v_woman_1_to_3: correct=241/272, H error=6.20px
sift [558/580] v_woman_1_to_4: correct=174/212, H error=12.82px
sift [559/580] v_woman_1_to_5: correct=133/176, H error=5.19px
sift [560/580] v_woman_1_to_6: correct=89/145, H error=6.10px
sift [561/580] v_wormhole_1_to_2: correct=484/537, H error=2.24px
sift [562/580] v_wormhole_1_to_3: correct=680/757, H error=2.72px
sift [563/580] v_wormhole_1_to_4: correct=917/963, H error=1.99px
sift [564/580] v_wormhole_1_to_5: correct=331/406, H error=6.41px
sift [565/580] v_wormhole_1_to_6: correct=50/126, H error=21.29px
sift [566/580] v_wounded_1_to_2: correct=584/610, H error=0.43px
sift [567/580] v_wounded_1_to_3: correct=217/242, H error=5.72px
sift [568/580] v_wounded_1_to_4: correct=2/39, H error=1545.90px
sift [569/580] v_wounded_1_to_5: correct=82/113, H error=5.88px
sift [570/580] v_wounded_1_to_6: correct=4/41, H error=1191.80px
sift [571/580] v_yard_1_to_2: correct=543/581, H error=1.08px
sift [572/580] v_yard_1_to_3: correct=299/357, H error=4.31px
sift [573/580] v_yard_1_to_4: correct=404/454, H error=0.57px
sift [574/580] v_yard_1_to_5: correct=125/199, H error=2.38px
sift [575/580] v_yard_1_to_6: correct=31/80, H error=15.62px
sift [576/580] v_yuri_1_to_2: correct=263/306, H error=1.65px
sift [577/580] v_yuri_1_to_3: correct=262/317, H error=5.07px
sift [578/580] v_yuri_1_to_4: correct=48/126, H error=297.58px
sift [579/580] v_yuri_1_to_5: correct=185/231, H error=7.06px
sift [580/580] v_yuri_1_to_6: correct=79/163, H error=14.68px
orb [1/580] i_ajuntament_1_to_2: correct=786/858, H error=0.24px
orb [2/580] i_ajuntament_1_to_3: correct=45/102, H error=2.05px
orb [3/580] i_ajuntament_1_to_4: correct=5/48, H error=72.99px
orb [4/580] i_ajuntament_1_to_5: correct=7/47, H error=174.51px
orb [5/580] i_ajuntament_1_to_6: correct=8/42, H error=3702.59px
orb [6/580] i_autannes_1_to_2: correct=89/100, H error=0.31px
orb [7/580] i_autannes_1_to_3: correct=25/55, H error=4.20px
orb [8/580] i_autannes_1_to_4: correct=37/57, H error=26.45px
orb [9/580] i_autannes_1_to_5: correct=17/45, H error=11.54px
orb [10/580] i_autannes_1_to_6: correct=253/285, H error=4.61px
orb [11/580] i_bologna_1_to_2: correct=211/231, H error=1.42px
orb [12/580] i_bologna_1_to_3: correct=116/133, H error=2.79px
orb [13/580] i_bologna_1_to_4: correct=125/145, H error=2.17px
orb [14/580] i_bologna_1_to_5: correct=106/123, H error=3.27px
orb [15/580] i_bologna_1_to_6: correct=113/127, H error=3.05px
orb [16/580] i_books_1_to_2: correct=945/980, H error=0.40px
orb [17/580] i_books_1_to_3: correct=467/516, H error=0.30px
orb [18/580] i_books_1_to_4: correct=649/698, H error=0.29px
orb [19/580] i_books_1_to_5: correct=847/883, H error=0.17px
orb [20/580] i_books_1_to_6: correct=1154/1171, H error=0.11px
orb [21/580] i_boutique_1_to_2: correct=559/636, H error=0.31px
orb [22/580] i_boutique_1_to_3: correct=147/213, H error=1.37px
orb [23/580] i_boutique_1_to_4: correct=164/234, H error=0.59px
orb [24/580] i_boutique_1_to_5: correct=8/43, H error=3.89px
orb [25/580] i_boutique_1_to_6: correct=10/68, H error=8.44px
orb [26/580] i_bridger_1_to_2: correct=484/534, H error=1.31px
orb [27/580] i_bridger_1_to_3: correct=538/570, H error=0.64px
orb [28/580] i_bridger_1_to_4: correct=320/353, H error=0.39px
orb [29/580] i_bridger_1_to_5: correct=173/207, H error=1.05px
orb [30/580] i_bridger_1_to_6: correct=5/27, H error=829.28px
orb [31/580] i_brooklyn_1_to_2: correct=378/459, H error=1.33px
orb [32/580] i_brooklyn_1_to_3: correct=293/900, H error=3.51px
orb [33/580] i_brooklyn_1_to_4: correct=26/73, H error=2.67px
orb [34/580] i_brooklyn_1_to_5: correct=96/801, H error=3.62px
orb [35/580] i_brooklyn_1_to_6: correct=69/423, H error=4.14px
orb [36/580] i_castle_1_to_2: correct=30/56, H error=12.02px
orb [37/580] i_castle_1_to_3: correct=61/82, H error=1.39px
orb [38/580] i_castle_1_to_4: correct=68/103, H error=1.36px
orb [39/580] i_castle_1_to_5: correct=5/28, H error=24.70px
orb [40/580] i_castle_1_to_6: correct=12/41, H error=5.38px
orb [41/580] i_chestnuts_1_to_2: correct=137/167, H error=1.34px
orb [42/580] i_chestnuts_1_to_3: correct=136/166, H error=1.35px
orb [43/580] i_chestnuts_1_to_4: correct=177/204, H error=2.20px
orb [44/580] i_chestnuts_1_to_5: correct=126/147, H error=0.92px
orb [45/580] i_chestnuts_1_to_6: correct=49/74, H error=4.42px
orb [46/580] i_contruction_1_to_2: correct=1463/1477, H error=0.11px
orb [47/580] i_contruction_1_to_3: correct=1422/1432, H error=0.09px
orb [48/580] i_contruction_1_to_4: correct=719/746, H error=0.41px
orb [49/580] i_contruction_1_to_5: correct=111/148, H error=1.97px
orb [50/580] i_contruction_1_to_6: correct=34/85, H error=7.92px
orb [51/580] i_crownday_1_to_2: correct=48/83, H error=3.65px
orb [52/580] i_crownday_1_to_3: correct=114/155, H error=1.02px
orb [53/580] i_crownday_1_to_4: correct=294/340, H error=0.55px
orb [54/580] i_crownday_1_to_5: correct=573/615, H error=0.65px
orb [55/580] i_crownday_1_to_6: correct=47/86, H error=2.04px
orb [56/580] i_crownnight_1_to_2: correct=199/232, H error=0.61px
orb [57/580] i_crownnight_1_to_3: correct=152/194, H error=1.20px
orb [58/580] i_crownnight_1_to_4: correct=130/166, H error=1.25px
orb [59/580] i_crownnight_1_to_5: correct=71/101, H error=3.04px
orb [60/580] i_crownnight_1_to_6: correct=0/28, H error=1075.37px
orb [61/580] i_dc_1_to_2: correct=96/128, H error=0.81px
orb [62/580] i_dc_1_to_3: correct=28/69, H error=5.46px
orb [63/580] i_dc_1_to_4: correct=55/101, H error=2.31px
orb [64/580] i_dc_1_to_5: correct=38/93, H error=11.67px
orb [65/580] i_dc_1_to_6: correct=50/97, H error=4.96px
orb [66/580] i_dome_1_to_2: correct=407/450, H error=0.22px
orb [67/580] i_dome_1_to_3: correct=21/64, H error=5.79px
orb [68/580] i_dome_1_to_4: correct=20/54, H error=3.43px
orb [69/580] i_dome_1_to_5: correct=24/67, H error=3.39px
orb [70/580] i_dome_1_to_6: correct=66/101, H error=1.52px
orb [71/580] i_duda_1_to_2: correct=1147/1185, H error=0.81px
orb [72/580] i_duda_1_to_3: correct=720/765, H error=0.40px
orb [73/580] i_duda_1_to_4: correct=489/535, H error=0.56px
orb [74/580] i_duda_1_to_5: correct=303/350, H error=0.71px
orb [75/580] i_duda_1_to_6: correct=115/145, H error=0.24px
orb [76/580] i_fenis_1_to_2: correct=588/622, H error=0.79px
orb [77/580] i_fenis_1_to_3: correct=43/66, H error=1.32px
orb [78/580] i_fenis_1_to_4: correct=1/19, H error=395.46px
orb [79/580] i_fenis_1_to_5: correct=1/16, H error=385.41px
orb [80/580] i_fenis_1_to_6: correct=0/25, H error=395.56px
orb [81/580] i_fog_1_to_2: correct=166/185, H error=0.41px
orb [82/580] i_fog_1_to_3: correct=109/121, H error=0.73px
orb [83/580] i_fog_1_to_4: correct=109/135, H error=0.98px
orb [84/580] i_fog_1_to_5: correct=98/111, H error=1.66px
orb [85/580] i_fog_1_to_6: correct=84/99, H error=0.91px
orb [86/580] i_fruits_1_to_2: correct=760/775, H error=0.11px
orb [87/580] i_fruits_1_to_3: correct=544/571, H error=0.24px
orb [88/580] i_fruits_1_to_4: correct=491/523, H error=0.21px
orb [89/580] i_fruits_1_to_5: correct=401/430, H error=0.27px
orb [90/580] i_fruits_1_to_6: correct=508/541, H error=0.77px
orb [91/580] i_gonnenberg_1_to_2: correct=971/999, H error=0.18px
orb [92/580] i_gonnenberg_1_to_3: correct=898/928, H error=0.28px
orb [93/580] i_gonnenberg_1_to_4: correct=644/678, H error=0.47px
orb [94/580] i_gonnenberg_1_to_5: correct=858/884, H error=0.09px
orb [95/580] i_gonnenberg_1_to_6: correct=959/979, H error=0.24px
orb [96/580] i_greenhouse_1_to_2: correct=132/177, H error=0.61px
orb [97/580] i_greenhouse_1_to_3: correct=156/196, H error=3.59px
orb [98/580] i_greenhouse_1_to_4: correct=102/132, H error=1.72px
orb [99/580] i_greenhouse_1_to_5: correct=76/112, H error=1.54px
orb [100/580] i_greenhouse_1_to_6: correct=32/50, H error=4.03px
orb [101/580] i_greentea_1_to_2: correct=492/516, H error=0.53px
orb [102/580] i_greentea_1_to_3: correct=670/694, H error=0.38px
orb [103/580] i_greentea_1_to_4: correct=747/770, H error=0.44px
orb [104/580] i_greentea_1_to_5: correct=693/717, H error=0.14px
orb [105/580] i_greentea_1_to_6: correct=271/293, H error=0.16px
orb [106/580] i_indiana_1_to_2: correct=269/311, H error=0.47px
orb [107/580] i_indiana_1_to_3: correct=147/193, H error=1.06px
orb [108/580] i_indiana_1_to_4: correct=54/96, H error=2.00px
orb [109/580] i_indiana_1_to_5: correct=26/55, H error=5.29px
orb [110/580] i_indiana_1_to_6: correct=10/55, H error=4.70px
orb [111/580] i_kions_1_to_2: correct=74/138, H error=1.61px
orb [112/580] i_kions_1_to_3: correct=52/123, H error=2.18px
orb [113/580] i_kions_1_to_4: correct=56/118, H error=5.39px
orb [114/580] i_kions_1_to_5: correct=60/128, H error=7.75px
orb [115/580] i_kions_1_to_6: correct=59/117, H error=1.57px
orb [116/580] i_ktirio_1_to_2: correct=1544/1567, H error=0.07px
orb [117/580] i_ktirio_1_to_3: correct=253/348, H error=0.60px
orb [118/580] i_ktirio_1_to_4: correct=73/142, H error=1.74px
orb [119/580] i_ktirio_1_to_5: correct=159/247, H error=0.91px
orb [120/580] i_ktirio_1_to_6: correct=24/89, H error=2.10px
orb [121/580] i_kurhaus_1_to_2: correct=1117/1147, H error=0.18px
orb [122/580] i_kurhaus_1_to_3: correct=773/804, H error=0.25px
orb [123/580] i_kurhaus_1_to_4: correct=625/662, H error=0.41px
orb [124/580] i_kurhaus_1_to_5: correct=448/492, H error=0.50px
orb [125/580] i_kurhaus_1_to_6: correct=351/392, H error=1.16px
orb [126/580] i_leuven_1_to_2: correct=1088/1119, H error=2.31px
orb [127/580] i_leuven_1_to_3: correct=923/964, H error=1.78px
orb [128/580] i_leuven_1_to_4: correct=525/573, H error=2.29px
orb [129/580] i_leuven_1_to_5: correct=247/277, H error=3.50px
orb [130/580] i_leuven_1_to_6: correct=54/124, H error=11.56px
orb [131/580] i_lionday_1_to_2: correct=77/127, H error=3.19px
orb [132/580] i_lionday_1_to_3: correct=132/193, H error=2.45px
orb [133/580] i_lionday_1_to_4: correct=16/40, H error=10.17px
orb [134/580] i_lionday_1_to_5: correct=36/72, H error=2.92px
orb [135/580] i_lionday_1_to_6: correct=118/188, H error=1.58px
orb [136/580] i_lionnight_1_to_2: correct=138/325, H error=1.51px
orb [137/580] i_lionnight_1_to_3: correct=104/257, H error=1.85px
orb [138/580] i_lionnight_1_to_4: correct=196/417, H error=3.87px
orb [139/580] i_lionnight_1_to_5: correct=113/327, H error=1.64px
orb [140/580] i_lionnight_1_to_6: correct=141/332, H error=1.42px
orb [141/580] i_londonbridge_1_to_2: correct=201/1007, H error=3.69px
orb [142/580] i_londonbridge_1_to_3: correct=170/406, H error=3.51px
orb [143/580] i_londonbridge_1_to_4: correct=77/311, H error=3.80px
orb [144/580] i_londonbridge_1_to_5: correct=0/95, H error=5.34px
orb [145/580] i_londonbridge_1_to_6: correct=27/73, H error=3.84px
orb [146/580] i_melon_1_to_2: correct=947/1001, H error=0.07px
orb [147/580] i_melon_1_to_3: correct=430/489, H error=0.49px
orb [148/580] i_melon_1_to_4: correct=50/89, H error=1.30px
orb [149/580] i_melon_1_to_5: correct=399/455, H error=0.65px
orb [150/580] i_melon_1_to_6: correct=285/325, H error=1.23px
orb [151/580] i_miniature_1_to_2: correct=696/762, H error=0.48px
orb [152/580] i_miniature_1_to_3: correct=157/197, H error=0.94px
orb [153/580] i_miniature_1_to_4: correct=27/66, H error=0.90px
orb [154/580] i_miniature_1_to_5: correct=3/25, H error=612.96px
orb [155/580] i_miniature_1_to_6: correct=182/241, H error=0.88px
orb [156/580] i_nescafe_1_to_2: correct=794/818, H error=1.12px
orb [157/580] i_nescafe_1_to_3: correct=812/847, H error=0.45px
orb [158/580] i_nescafe_1_to_4: correct=984/997, H error=0.29px
orb [159/580] i_nescafe_1_to_5: correct=705/729, H error=0.22px
orb [160/580] i_nescafe_1_to_6: correct=508/527, H error=0.59px
orb [161/580] i_nijmegen_1_to_2: correct=190/267, H error=2.37px
orb [162/580] i_nijmegen_1_to_3: correct=335/443, H error=1.85px
orb [163/580] i_nijmegen_1_to_4: correct=32/55, H error=1.21px
orb [164/580] i_nijmegen_1_to_5: correct=331/425, H error=1.74px
orb [165/580] i_nijmegen_1_to_6: correct=262/336, H error=1.60px
orb [166/580] i_nuts_1_to_2: correct=105/156, H error=0.64px
orb [167/580] i_nuts_1_to_3: correct=16/48, H error=3.86px
orb [168/580] i_nuts_1_to_4: correct=0/27, H error=369.49px
orb [169/580] i_nuts_1_to_5: correct=0/23, H error=375.04px
orb [170/580] i_nuts_1_to_6: correct=0/33, H error=419.35px
orb [171/580] i_objects_1_to_2: correct=224/287, H error=1.82px
orb [172/580] i_objects_1_to_3: correct=82/123, H error=2.30px
orb [173/580] i_objects_1_to_4: correct=57/92, H error=2.37px
orb [174/580] i_objects_1_to_5: correct=57/95, H error=1.62px
orb [175/580] i_objects_1_to_6: correct=447/488, H error=1.32px
orb [176/580] i_parking_1_to_2: correct=389/433, H error=0.26px
orb [177/580] i_parking_1_to_3: correct=331/372, H error=0.33px
orb [178/580] i_parking_1_to_4: correct=127/168, H error=4.10px
orb [179/580] i_parking_1_to_5: correct=88/113, H error=1.67px
orb [180/580] i_parking_1_to_6: correct=143/178, H error=1.34px
orb [181/580] i_partyfood_1_to_2: correct=1329/1355, H error=0.09px
orb [182/580] i_partyfood_1_to_3: correct=897/928, H error=0.31px
orb [183/580] i_partyfood_1_to_4: correct=541/596, H error=0.84px
orb [184/580] i_partyfood_1_to_5: correct=421/463, H error=1.37px
orb [185/580] i_partyfood_1_to_6: correct=249/290, H error=1.39px
orb [186/580] i_pencils_1_to_2: correct=101/162, H error=1.86px
orb [187/580] i_pencils_1_to_3: correct=0/90, H error=9.65px
orb [188/580] i_pencils_1_to_4: correct=0/205, H error=16.77px
orb [189/580] i_pencils_1_to_5: correct=26/88, H error=10.33px
orb [190/580] i_pencils_1_to_6: correct=30/116, H error=3.32px
orb [191/580] i_pinard_1_to_2: correct=477/528, H error=0.98px
orb [192/580] i_pinard_1_to_3: correct=510/549, H error=2.68px
orb [193/580] i_pinard_1_to_4: correct=519/547, H error=0.57px
orb [194/580] i_pinard_1_to_5: correct=529/570, H error=0.80px
orb [195/580] i_pinard_1_to_6: correct=522/563, H error=0.84px
orb [196/580] i_pool_1_to_2: correct=6/42, H error=46.83px
orb [197/580] i_pool_1_to_3: correct=0/29, H error=757.23px
orb [198/580] i_pool_1_to_4: correct=2/35, H error=596.87px
orb [199/580] i_pool_1_to_5: correct=0/35, H error=nanpx
orb [200/580] i_pool_1_to_6: correct=0/38, H error=586.15px
orb [201/580] i_porta_1_to_2: correct=873/903, H error=0.30px
orb [202/580] i_porta_1_to_3: correct=895/932, H error=0.29px
orb [203/580] i_porta_1_to_4: correct=446/479, H error=2.40px
orb [204/580] i_porta_1_to_5: correct=352/390, H error=1.22px
orb [205/580] i_porta_1_to_6: correct=367/388, H error=13.86px
orb [206/580] i_resort_1_to_2: correct=541/567, H error=0.26px
orb [207/580] i_resort_1_to_3: correct=1320/1337, H error=0.23px
orb [208/580] i_resort_1_to_4: correct=1231/1244, H error=0.10px
orb [209/580] i_resort_1_to_5: correct=493/524, H error=0.72px
orb [210/580] i_resort_1_to_6: correct=631/704, H error=2.67px
orb [211/580] i_salon_1_to_2: correct=923/996, H error=0.22px
orb [212/580] i_salon_1_to_3: correct=225/281, H error=0.25px
orb [213/580] i_salon_1_to_4: correct=52/98, H error=0.86px
orb [214/580] i_salon_1_to_5: correct=442/507, H error=0.15px
orb [215/580] i_salon_1_to_6: correct=160/223, H error=0.36px
orb [216/580] i_santuario_1_to_2: correct=234/322, H error=2.91px
orb [217/580] i_santuario_1_to_3: correct=197/311, H error=3.79px
orb [218/580] i_santuario_1_to_4: correct=60/147, H error=3.49px
orb [219/580] i_santuario_1_to_5: correct=165/210, H error=0.81px
orb [220/580] i_santuario_1_to_6: correct=60/89, H error=2.02px
orb [221/580] i_school_1_to_2: correct=640/666, H error=0.26px
orb [222/580] i_school_1_to_3: correct=649/680, H error=0.34px
orb [223/580] i_school_1_to_4: correct=113/148, H error=1.28px
orb [224/580] i_school_1_to_5: correct=309/331, H error=1.14px
orb [225/580] i_school_1_to_6: correct=128/174, H error=1.73px
orb [226/580] i_ski_1_to_2: correct=737/791, H error=0.58px
orb [227/580] i_ski_1_to_3: correct=422/496, H error=0.59px
orb [228/580] i_ski_1_to_4: correct=202/266, H error=29.41px
orb [229/580] i_ski_1_to_5: correct=118/169, H error=4.54px
orb [230/580] i_ski_1_to_6: correct=47/105, H error=30.08px
orb [231/580] i_smurf_1_to_2: correct=692/732, H error=0.09px
orb [232/580] i_smurf_1_to_3: correct=542/588, H error=0.34px
orb [233/580] i_smurf_1_to_4: correct=528/575, H error=0.21px
orb [234/580] i_smurf_1_to_5: correct=457/516, H error=0.11px
orb [235/580] i_smurf_1_to_6: correct=237/286, H error=0.92px
orb [236/580] i_steps_1_to_2: correct=931/974, H error=1.02px
orb [237/580] i_steps_1_to_3: correct=826/898, H error=1.18px
orb [238/580] i_steps_1_to_4: correct=730/778, H error=0.90px
orb [239/580] i_steps_1_to_5: correct=44/93, H error=2.30px
orb [240/580] i_steps_1_to_6: correct=219/287, H error=9.06px
orb [241/580] i_table_1_to_2: correct=224/287, H error=1.82px
orb [242/580] i_table_1_to_3: correct=82/123, H error=2.30px
orb [243/580] i_table_1_to_4: correct=57/92, H error=2.37px
orb [244/580] i_table_1_to_5: correct=57/95, H error=1.62px
orb [245/580] i_table_1_to_6: correct=447/488, H error=1.32px
orb [246/580] i_tools_1_to_2: correct=20/62, H error=15.28px
orb [247/580] i_tools_1_to_3: correct=29/68, H error=4.30px
orb [248/580] i_tools_1_to_4: correct=6/40, H error=61.86px
orb [249/580] i_tools_1_to_5: correct=228/472, H error=7.56px
orb [250/580] i_tools_1_to_6: correct=1/70, H error=10.50px
orb [251/580] i_toy_1_to_2: correct=1184/1216, H error=0.40px
orb [252/580] i_toy_1_to_3: correct=802/831, H error=0.92px
orb [253/580] i_toy_1_to_4: correct=492/523, H error=0.77px
orb [254/580] i_toy_1_to_5: correct=219/241, H error=10.15px
orb [255/580] i_toy_1_to_6: correct=49/67, H error=28.43px
orb [256/580] i_troulos_1_to_2: correct=180/193, H error=1.04px
orb [257/580] i_troulos_1_to_3: correct=34/159, H error=4.63px
orb [258/580] i_troulos_1_to_4: correct=402/423, H error=0.63px
orb [259/580] i_troulos_1_to_5: correct=50/75, H error=2.16px
orb [260/580] i_troulos_1_to_6: correct=224/254, H error=1.73px
orb [261/580] i_veggies_1_to_2: correct=861/926, H error=0.57px
orb [262/580] i_veggies_1_to_3: correct=252/311, H error=0.91px
orb [263/580] i_veggies_1_to_4: correct=254/311, H error=0.92px
orb [264/580] i_veggies_1_to_5: correct=29/74, H error=8.55px
orb [265/580] i_veggies_1_to_6: correct=16/59, H error=9.16px
orb [266/580] i_village_1_to_2: correct=74/98, H error=2.11px
orb [267/580] i_village_1_to_3: correct=38/67, H error=1.65px
orb [268/580] i_village_1_to_4: correct=66/90, H error=2.19px
orb [269/580] i_village_1_to_5: correct=402/443, H error=0.32px
orb [270/580] i_village_1_to_6: correct=65/96, H error=2.51px
orb [271/580] i_whitebuilding_1_to_2: correct=1365/1380, H error=0.11px
orb [272/580] i_whitebuilding_1_to_3: correct=754/791, H error=0.28px
orb [273/580] i_whitebuilding_1_to_4: correct=179/218, H error=0.69px
orb [274/580] i_whitebuilding_1_to_5: correct=193/232, H error=0.66px
orb [275/580] i_whitebuilding_1_to_6: correct=175/233, H error=0.78px
orb [276/580] i_yellowtent_1_to_2: correct=808/935, H error=0.36px
orb [277/580] i_yellowtent_1_to_3: correct=284/376, H error=0.72px
orb [278/580] i_yellowtent_1_to_4: correct=103/145, H error=0.76px
orb [279/580] i_yellowtent_1_to_5: correct=163/263, H error=0.74px
orb [280/580] i_yellowtent_1_to_6: correct=53/131, H error=2.62px
orb [281/580] i_zion_1_to_2: correct=607/641, H error=2.07px
orb [282/580] i_zion_1_to_3: correct=160/197, H error=1.01px
orb [283/580] i_zion_1_to_4: correct=87/118, H error=0.92px
orb [284/580] i_zion_1_to_5: correct=30/59, H error=25.03px
orb [285/580] i_zion_1_to_6: correct=3/26, H error=714.45px
orb [286/580] v_abstract_1_to_2: correct=687/751, H error=1.19px
orb [287/580] v_abstract_1_to_3: correct=647/713, H error=5.19px
orb [288/580] v_abstract_1_to_4: correct=225/318, H error=9.80px
orb [289/580] v_abstract_1_to_5: correct=251/350, H error=1.33px
orb [290/580] v_abstract_1_to_6: correct=45/154, H error=6.96px
orb [291/580] v_adam_1_to_2: correct=294/319, H error=1.84px
orb [292/580] v_adam_1_to_3: correct=266/287, H error=4.23px
orb [293/580] v_adam_1_to_4: correct=33/55, H error=5.53px
orb [294/580] v_adam_1_to_5: correct=127/143, H error=4.87px
orb [295/580] v_adam_1_to_6: correct=148/168, H error=9.40px
orb [296/580] v_apprentices_1_to_2: correct=796/850, H error=0.93px
orb [297/580] v_apprentices_1_to_3: correct=450/511, H error=2.55px
orb [298/580] v_apprentices_1_to_4: correct=201/242, H error=1.54px
orb [299/580] v_apprentices_1_to_5: correct=57/110, H error=2.75px
orb [300/580] v_apprentices_1_to_6: correct=93/134, H error=4.39px
orb [301/580] v_artisans_1_to_2: correct=250/273, H error=0.64px
orb [302/580] v_artisans_1_to_3: correct=168/188, H error=1.52px
orb [303/580] v_artisans_1_to_4: correct=368/396, H error=1.95px
orb [304/580] v_artisans_1_to_5: correct=20/44, H error=196.14px
orb [305/580] v_artisans_1_to_6: correct=305/331, H error=0.51px
orb [306/580] v_astronautis_1_to_2: correct=330/393, H error=37.17px
orb [307/580] v_astronautis_1_to_3: correct=82/132, H error=15.61px
orb [308/580] v_astronautis_1_to_4: correct=116/174, H error=4.53px
orb [309/580] v_astronautis_1_to_5: correct=25/63, H error=20.80px
orb [310/580] v_astronautis_1_to_6: correct=206/273, H error=7.55px
orb [311/580] v_azzola_1_to_2: correct=374/452, H error=6.02px
orb [312/580] v_azzola_1_to_3: correct=43/102, H error=7.43px
orb [313/580] v_azzola_1_to_4: correct=757/838, H error=0.85px
orb [314/580] v_azzola_1_to_5: correct=165/282, H error=3.24px
orb [315/580] v_azzola_1_to_6: correct=4/46, H error=55.43px
orb [316/580] v_bark_1_to_2: correct=266/307, H error=2.06px
orb [317/580] v_bark_1_to_3: correct=120/158, H error=1.62px
orb [318/580] v_bark_1_to_4: correct=98/134, H error=1.42px
orb [319/580] v_bark_1_to_5: correct=43/74, H error=0.84px
orb [320/580] v_bark_1_to_6: correct=6/38, H error=100.97px
orb [321/580] v_bees_1_to_2: correct=892/933, H error=1.88px
orb [322/580] v_bees_1_to_3: correct=970/1021, H error=1.65px
orb [323/580] v_bees_1_to_4: correct=917/947, H error=1.45px
orb [324/580] v_bees_1_to_5: correct=401/452, H error=8.72px
orb [325/580] v_bees_1_to_6: correct=361/423, H error=5.86px
orb [326/580] v_beyus_1_to_2: correct=129/208, H error=4.08px
orb [327/580] v_beyus_1_to_3: correct=6/56, H error=329.27px
orb [328/580] v_beyus_1_to_4: correct=486/528, H error=0.94px
orb [329/580] v_beyus_1_to_5: correct=21/84, H error=16.48px
orb [330/580] v_beyus_1_to_6: correct=49/109, H error=2.31px
orb [331/580] v_bip_1_to_2: correct=405/437, H error=0.46px
orb [332/580] v_bip_1_to_3: correct=247/292, H error=0.82px
orb [333/580] v_bip_1_to_4: correct=328/370, H error=0.50px
orb [334/580] v_bip_1_to_5: correct=64/97, H error=0.75px
orb [335/580] v_bip_1_to_6: correct=70/112, H error=2.53px
orb [336/580] v_bird_1_to_2: correct=476/511, H error=1.92px
orb [337/580] v_bird_1_to_3: correct=278/322, H error=5.44px
orb [338/580] v_bird_1_to_4: correct=262/312, H error=5.46px
orb [339/580] v_bird_1_to_5: correct=115/201, H error=30.35px
orb [340/580] v_bird_1_to_6: correct=3/43, H error=2292.74px
orb [341/580] v_birdwoman_1_to_2: correct=206/226, H error=1.39px
orb [342/580] v_birdwoman_1_to_3: correct=37/72, H error=4.14px
orb [343/580] v_birdwoman_1_to_4: correct=238/278, H error=2.34px
orb [344/580] v_birdwoman_1_to_5: correct=667/691, H error=1.15px
orb [345/580] v_birdwoman_1_to_6: correct=405/426, H error=1.45px
orb [346/580] v_blueprint_1_to_2: correct=660/721, H error=1.82px
orb [347/580] v_blueprint_1_to_3: correct=256/409, H error=6.54px
orb [348/580] v_blueprint_1_to_4: correct=384/413, H error=0.68px
orb [349/580] v_blueprint_1_to_5: correct=60/92, H error=4.64px
orb [350/580] v_blueprint_1_to_6: correct=11/39, H error=8.05px
orb [351/580] v_boat_1_to_2: correct=726/765, H error=3.11px
orb [352/580] v_boat_1_to_3: correct=624/659, H error=2.45px
orb [353/580] v_boat_1_to_4: correct=425/445, H error=0.87px
orb [354/580] v_boat_1_to_5: correct=335/371, H error=2.08px
orb [355/580] v_boat_1_to_6: correct=217/248, H error=2.77px
orb [356/580] v_bricks_1_to_2: correct=660/683, H error=0.57px
orb [357/580] v_bricks_1_to_3: correct=472/488, H error=0.56px
orb [358/580] v_bricks_1_to_4: correct=199/213, H error=1.76px
orb [359/580] v_bricks_1_to_5: correct=30/52, H error=2.00px
orb [360/580] v_bricks_1_to_6: correct=2/23, H error=756.05px
orb [361/580] v_busstop_1_to_2: correct=732/781, H error=3.88px
orb [362/580] v_busstop_1_to_3: correct=267/330, H error=7.40px
orb [363/580] v_busstop_1_to_4: correct=359/393, H error=6.76px
orb [364/580] v_busstop_1_to_5: correct=566/605, H error=2.65px
orb [365/580] v_busstop_1_to_6: correct=763/793, H error=2.28px
orb [366/580] v_calder_1_to_2: correct=327/367, H error=1.17px
orb [367/580] v_calder_1_to_3: correct=820/866, H error=2.33px
orb [368/580] v_calder_1_to_4: correct=49/90, H error=2.45px
orb [369/580] v_calder_1_to_5: correct=97/139, H error=1.56px
orb [370/580] v_calder_1_to_6: correct=4/47, H error=435.21px
orb [371/580] v_cartooncity_1_to_2: correct=786/808, H error=1.58px
orb [372/580] v_cartooncity_1_to_3: correct=56/94, H error=4.75px
orb [373/580] v_cartooncity_1_to_4: correct=618/664, H error=1.07px
orb [374/580] v_cartooncity_1_to_5: correct=32/84, H error=8.09px
orb [375/580] v_cartooncity_1_to_6: correct=49/99, H error=7.97px
orb [376/580] v_charing_1_to_2: correct=58/116, H error=55.38px
orb [377/580] v_charing_1_to_3: correct=1/6, H error=2462.41px
orb [378/580] v_charing_1_to_4: correct=12/23, H error=2332.04px
orb [379/580] v_charing_1_to_5: correct=1/1, H error=2290.62px
orb [380/580] v_charing_1_to_6: correct=0/1, H error=4346.95px
orb [381/580] v_churchill_1_to_2: correct=463/537, H error=8.05px
orb [382/580] v_churchill_1_to_3: correct=183/262, H error=6.29px
orb [383/580] v_churchill_1_to_4: correct=69/115, H error=9.72px
orb [384/580] v_churchill_1_to_5: correct=1068/1094, H error=2.33px
orb [385/580] v_churchill_1_to_6: correct=8/50, H error=240.09px
orb [386/580] v_circus_1_to_2: correct=551/620, H error=0.70px
orb [387/580] v_circus_1_to_3: correct=192/320, H error=9.38px
orb [388/580] v_circus_1_to_4: correct=51/138, H error=10.09px
orb [389/580] v_circus_1_to_5: correct=350/467, H error=2.92px
orb [390/580] v_circus_1_to_6: correct=122/212, H error=3.41px
orb [391/580] v_coffeehouse_1_to_2: correct=270/307, H error=4.75px
orb [392/580] v_coffeehouse_1_to_3: correct=437/492, H error=6.80px
orb [393/580] v_coffeehouse_1_to_4: correct=164/289, H error=12.17px
orb [394/580] v_coffeehouse_1_to_5: correct=317/343, H error=6.76px
orb [395/580] v_coffeehouse_1_to_6: correct=83/148, H error=34.56px
orb [396/580] v_colors_1_to_2: correct=172/219, H error=1.75px
orb [397/580] v_colors_1_to_3: correct=92/144, H error=3.03px
orb [398/580] v_colors_1_to_4: correct=16/52, H error=66.50px
orb [399/580] v_colors_1_to_5: correct=11/54, H error=44.02px
orb [400/580] v_colors_1_to_6: correct=2/42, H error=1303.61px
orb [401/580] v_courses_1_to_2: correct=974/1048, H error=5.74px
orb [402/580] v_courses_1_to_3: correct=334/433, H error=34.01px
orb [403/580] v_courses_1_to_4: correct=624/723, H error=10.98px
orb [404/580] v_courses_1_to_5: correct=225/378, H error=18.45px
orb [405/580] v_courses_1_to_6: correct=116/253, H error=22.95px
orb [406/580] v_dirtywall_1_to_2: correct=678/703, H error=1.69px
orb [407/580] v_dirtywall_1_to_3: correct=390/431, H error=3.47px
orb [408/580] v_dirtywall_1_to_4: correct=143/164, H error=14.04px
orb [409/580] v_dirtywall_1_to_5: correct=216/242, H error=2.71px
orb [410/580] v_dirtywall_1_to_6: correct=9/34, H error=33.27px
orb [411/580] v_dogman_1_to_2: correct=577/629, H error=3.12px
orb [412/580] v_dogman_1_to_3: correct=896/936, H error=0.65px
orb [413/580] v_dogman_1_to_4: correct=18/55, H error=32.13px
orb [414/580] v_dogman_1_to_5: correct=274/339, H error=4.94px
orb [415/580] v_dogman_1_to_6: correct=9/50, H error=257.52px
orb [416/580] v_eastsouth_1_to_2: correct=854/874, H error=1.69px
orb [417/580] v_eastsouth_1_to_3: correct=595/632, H error=0.70px
orb [418/580] v_eastsouth_1_to_4: correct=340/365, H error=1.70px
orb [419/580] v_eastsouth_1_to_5: correct=156/182, H error=0.96px
orb [420/580] v_eastsouth_1_to_6: correct=120/140, H error=1.39px
orb [421/580] v_feast_1_to_2: correct=701/716, H error=0.63px
orb [422/580] v_feast_1_to_3: correct=393/429, H error=1.94px
orb [423/580] v_feast_1_to_4: correct=93/118, H error=1.95px
orb [424/580] v_feast_1_to_5: correct=416/458, H error=6.50px
orb [425/580] v_feast_1_to_6: correct=160/196, H error=4.04px
orb [426/580] v_fest_1_to_2: correct=646/680, H error=4.94px
orb [427/580] v_fest_1_to_3: correct=98/151, H error=5.78px
orb [428/580] v_fest_1_to_4: correct=485/540, H error=3.92px
orb [429/580] v_fest_1_to_5: correct=189/244, H error=3.79px
orb [430/580] v_fest_1_to_6: correct=59/109, H error=16.48px
orb [431/580] v_gardens_1_to_2: correct=356/416, H error=3.21px
orb [432/580] v_gardens_1_to_3: correct=13/56, H error=9.71px
orb [433/580] v_gardens_1_to_4: correct=604/645, H error=2.90px
orb [434/580] v_gardens_1_to_5: correct=25/80, H error=43.64px
orb [435/580] v_gardens_1_to_6: correct=673/721, H error=0.79px
orb [436/580] v_grace_1_to_2: correct=745/862, H error=1.92px
orb [437/580] v_grace_1_to_3: correct=397/535, H error=4.68px
orb [438/580] v_grace_1_to_4: correct=164/275, H error=3.13px
orb [439/580] v_grace_1_to_5: correct=26/141, H error=2.78px
orb [440/580] v_grace_1_to_6: correct=5/72, H error=1272.67px
orb [441/580] v_graffiti_1_to_2: correct=685/728, H error=0.87px
orb [442/580] v_graffiti_1_to_3: correct=169/243, H error=4.07px
orb [443/580] v_graffiti_1_to_4: correct=21/83, H error=4.86px
orb [444/580] v_graffiti_1_to_5: correct=3/40, H error=354.94px
orb [445/580] v_graffiti_1_to_6: correct=0/33, H error=408.54px
orb [446/580] v_home_1_to_2: correct=257/302, H error=3.84px
orb [447/580] v_home_1_to_3: correct=66/131, H error=7.35px
orb [448/580] v_home_1_to_4: correct=326/379, H error=2.01px
orb [449/580] v_home_1_to_5: correct=21/71, H error=21.47px
orb [450/580] v_home_1_to_6: correct=667/696, H error=1.15px
orb [451/580] v_laptop_1_to_2: correct=1063/1096, H error=1.64px
orb [452/580] v_laptop_1_to_3: correct=850/867, H error=1.80px
orb [453/580] v_laptop_1_to_4: correct=719/745, H error=1.13px
orb [454/580] v_laptop_1_to_5: correct=748/790, H error=1.68px
orb [455/580] v_laptop_1_to_6: correct=755/796, H error=0.45px
orb [456/580] v_london_1_to_2: correct=677/710, H error=1.05px
orb [457/580] v_london_1_to_3: correct=588/637, H error=0.62px
orb [458/580] v_london_1_to_4: correct=295/332, H error=3.18px
orb [459/580] v_london_1_to_5: correct=624/657, H error=0.83px
orb [460/580] v_london_1_to_6: correct=558/607, H error=1.12px
orb [461/580] v_machines_1_to_2: correct=409/507, H error=3.95px
orb [462/580] v_machines_1_to_3: correct=34/94, H error=7.05px
orb [463/580] v_machines_1_to_4: correct=425/484, H error=1.84px
orb [464/580] v_machines_1_to_5: correct=45/105, H error=7.08px
orb [465/580] v_machines_1_to_6: correct=732/758, H error=0.84px
orb [466/580] v_man_1_to_2: correct=364/442, H error=6.34px
orb [467/580] v_man_1_to_3: correct=59/122, H error=7.69px
orb [468/580] v_man_1_to_4: correct=16/58, H error=37.82px
orb [469/580] v_man_1_to_5: correct=249/366, H error=12.22px
orb [470/580] v_man_1_to_6: correct=280/360, H error=3.28px
orb [471/580] v_maskedman_1_to_2: correct=264/315, H error=2.34px
orb [472/580] v_maskedman_1_to_3: correct=251/284, H error=4.46px
orb [473/580] v_maskedman_1_to_4: correct=188/257, H error=4.01px
orb [474/580] v_maskedman_1_to_5: correct=268/326, H error=10.55px
orb [475/580] v_maskedman_1_to_6: correct=2/34, H error=638.97px
orb [476/580] v_pomegranate_1_to_2: correct=379/492, H error=4.29px
orb [477/580] v_pomegranate_1_to_3: correct=277/445, H error=5.70px
orb [478/580] v_pomegranate_1_to_4: correct=405/484, H error=2.89px
orb [479/580] v_pomegranate_1_to_5: correct=334/434, H error=3.10px
orb [480/580] v_pomegranate_1_to_6: correct=401/463, H error=1.80px
orb [481/580] v_posters_1_to_2: correct=335/365, H error=1.89px
orb [482/580] v_posters_1_to_3: correct=364/401, H error=2.91px
orb [483/580] v_posters_1_to_4: correct=449/478, H error=1.12px
orb [484/580] v_posters_1_to_5: correct=77/121, H error=6.85px
orb [485/580] v_posters_1_to_6: correct=63/124, H error=2.98px
orb [486/580] v_samples_1_to_2: correct=496/544, H error=0.45px
orb [487/580] v_samples_1_to_3: correct=522/567, H error=0.79px
orb [488/580] v_samples_1_to_4: correct=234/299, H error=0.57px
orb [489/580] v_samples_1_to_5: correct=361/411, H error=3.60px
orb [490/580] v_samples_1_to_6: correct=167/240, H error=1.47px
orb [491/580] v_soldiers_1_to_2: correct=205/236, H error=1.55px
orb [492/580] v_soldiers_1_to_3: correct=235/281, H error=11.58px
orb [493/580] v_soldiers_1_to_4: correct=170/201, H error=11.88px
orb [494/580] v_soldiers_1_to_5: correct=92/127, H error=15.28px
orb [495/580] v_soldiers_1_to_6: correct=144/166, H error=3.77px
orb [496/580] v_strand_1_to_2: correct=1223/1261, H error=1.47px
orb [497/580] v_strand_1_to_3: correct=544/751, H error=7.72px
orb [498/580] v_strand_1_to_4: correct=522/607, H error=3.97px
orb [499/580] v_strand_1_to_5: correct=448/503, H error=8.04px
orb [500/580] v_strand_1_to_6: correct=159/210, H error=5.79px
orb [501/580] v_sunseason_1_to_2: correct=1032/1117, H error=3.99px
orb [502/580] v_sunseason_1_to_3: correct=662/786, H error=1.32px
orb [503/580] v_sunseason_1_to_4: correct=319/439, H error=5.73px
orb [504/580] v_sunseason_1_to_5: correct=86/147, H error=7.95px
orb [505/580] v_sunseason_1_to_6: correct=13/56, H error=10.04px
orb [506/580] v_tabletop_1_to_2: correct=349/397, H error=6.93px
orb [507/580] v_tabletop_1_to_3: correct=6/80, H error=947.95px
orb [508/580] v_tabletop_1_to_4: correct=4/71, H error=1000.32px
orb [509/580] v_tabletop_1_to_5: correct=6/86, H error=1477.67px
orb [510/580] v_tabletop_1_to_6: correct=6/81, H error=1168.25px
orb [511/580] v_talent_1_to_2: correct=261/328, H error=3.79px
orb [512/580] v_talent_1_to_3: correct=183/257, H error=3.54px
orb [513/580] v_talent_1_to_4: correct=147/220, H error=12.90px
orb [514/580] v_talent_1_to_5: correct=34/91, H error=59.20px
orb [515/580] v_talent_1_to_6: correct=86/151, H error=3.88px
orb [516/580] v_tempera_1_to_2: correct=646/685, H error=1.66px
orb [517/580] v_tempera_1_to_3: correct=457/515, H error=2.12px
orb [518/580] v_tempera_1_to_4: correct=301/346, H error=0.78px
orb [519/580] v_tempera_1_to_5: correct=70/112, H error=5.51px
orb [520/580] v_tempera_1_to_6: correct=13/67, H error=12.34px
orb [521/580] v_there_1_to_2: correct=217/244, H error=0.69px
orb [522/580] v_there_1_to_3: correct=8/18, H error=36.18px
orb [523/580] v_there_1_to_4: correct=0/14, H error=2064.59px
orb [524/580] v_there_1_to_5: correct=0/26, H error=533.24px
orb [525/580] v_there_1_to_6: correct=0/10, H error=650.57px
orb [526/580] v_underground_1_to_2: correct=645/721, H error=1.29px
orb [527/580] v_underground_1_to_3: correct=165/230, H error=8.35px
orb [528/580] v_underground_1_to_4: correct=43/128, H error=15.32px
orb [529/580] v_underground_1_to_5: correct=2/44, H error=1206.59px
orb [530/580] v_underground_1_to_6: correct=0/26, H error=nanpx
orb [531/580] v_vitro_1_to_2: correct=383/488, H error=0.43px
orb [532/580] v_vitro_1_to_3: correct=197/301, H error=1.30px
orb [533/580] v_vitro_1_to_4: correct=52/145, H error=2.44px
orb [534/580] v_vitro_1_to_5: correct=331/434, H error=3.01px
orb [535/580] v_vitro_1_to_6: correct=136/238, H error=4.41px
orb [536/580] v_wall_1_to_2: correct=726/770, H error=3.32px
orb [537/580] v_wall_1_to_3: correct=382/495, H error=11.94px
orb [538/580] v_wall_1_to_4: correct=872/905, H error=2.06px
orb [539/580] v_wall_1_to_5: correct=184/221, H error=5.63px
orb [540/580] v_wall_1_to_6: correct=238/347, H error=10.42px
orb [541/580] v_wapping_1_to_2: correct=332/387, H error=1.79px
orb [542/580] v_wapping_1_to_3: correct=65/102, H error=9.05px
orb [543/580] v_wapping_1_to_4: correct=45/92, H error=11.84px
orb [544/580] v_wapping_1_to_5: correct=29/59, H error=7.97px
orb [545/580] v_wapping_1_to_6: correct=3/30, H error=2150.48px
orb [546/580] v_war_1_to_2: correct=188/283, H error=4.17px
orb [547/580] v_war_1_to_3: correct=47/103, H error=8.06px
orb [548/580] v_war_1_to_4: correct=815/864, H error=2.17px
orb [549/580] v_war_1_to_5: correct=388/471, H error=3.72px
orb [550/580] v_war_1_to_6: correct=13/54, H error=17.06px
orb [551/580] v_weapons_1_to_2: correct=569/633, H error=1.37px
orb [552/580] v_weapons_1_to_3: correct=155/182, H error=3.22px
orb [553/580] v_weapons_1_to_4: correct=374/405, H error=2.50px
orb [554/580] v_weapons_1_to_5: correct=286/367, H error=5.36px
orb [555/580] v_weapons_1_to_6: correct=131/179, H error=10.91px
orb [556/580] v_woman_1_to_2: correct=185/218, H error=0.97px
orb [557/580] v_woman_1_to_3: correct=274/324, H error=4.27px
orb [558/580] v_woman_1_to_4: correct=134/177, H error=10.70px
orb [559/580] v_woman_1_to_5: correct=117/149, H error=6.67px
orb [560/580] v_woman_1_to_6: correct=27/58, H error=16.00px
orb [561/580] v_wormhole_1_to_2: correct=407/458, H error=3.27px
orb [562/580] v_wormhole_1_to_3: correct=443/532, H error=3.44px
orb [563/580] v_wormhole_1_to_4: correct=712/775, H error=4.93px
orb [564/580] v_wormhole_1_to_5: correct=158/229, H error=13.27px
orb [565/580] v_wormhole_1_to_6: correct=16/39, H error=41.28px
orb [566/580] v_wounded_1_to_2: correct=106/158, H error=32.64px
orb [567/580] v_wounded_1_to_3: correct=47/82, H error=41.08px
orb [568/580] v_wounded_1_to_4: correct=0/4, H error=nanpx
orb [569/580] v_wounded_1_to_5: correct=20/74, H error=8.51px
orb [570/580] v_wounded_1_to_6: correct=1/5, H error=1197.65px
orb [571/580] v_yard_1_to_2: correct=425/474, H error=1.50px
orb [572/580] v_yard_1_to_3: correct=168/211, H error=17.41px
orb [573/580] v_yard_1_to_4: correct=335/382, H error=1.72px
orb [574/580] v_yard_1_to_5: correct=74/138, H error=5.44px
orb [575/580] v_yard_1_to_6: correct=18/53, H error=31.70px
orb [576/580] v_yuri_1_to_2: correct=450/493, H error=4.03px
orb [577/580] v_yuri_1_to_3: correct=252/328, H error=84.93px
orb [578/580] v_yuri_1_to_4: correct=24/84, H error=125.18px
orb [579/580] v_yuri_1_to_5: correct=293/369, H error=5.70px
orb [580/580] v_yuri_1_to_6: correct=84/176, H error=139.76px
kaze [1/580] i_ajuntament_1_to_2: correct=261/272, H error=0.30px
kaze [2/580] i_ajuntament_1_to_3: correct=20/37, H error=2.17px
kaze [3/580] i_ajuntament_1_to_4: correct=5/11, H error=1227.30px
kaze [4/580] i_ajuntament_1_to_5: correct=7/13, H error=84.43px
kaze [5/580] i_ajuntament_1_to_6: correct=5/13, H error=179.25px
kaze [6/580] i_autannes_1_to_2: correct=287/305, H error=0.62px
kaze [7/580] i_autannes_1_to_3: correct=160/189, H error=2.14px
kaze [8/580] i_autannes_1_to_4: correct=32/64, H error=17.29px
kaze [9/580] i_autannes_1_to_5: correct=28/47, H error=8.39px
kaze [10/580] i_autannes_1_to_6: correct=199/234, H error=2.51px
kaze [11/580] i_bologna_1_to_2: correct=19/21, H error=16.09px
kaze [12/580] i_bologna_1_to_3: correct=10/10, H error=74.62px
kaze [13/580] i_bologna_1_to_4: correct=15/16, H error=14.06px
kaze [14/580] i_bologna_1_to_5: correct=7/7, H error=28.64px
kaze [15/580] i_bologna_1_to_6: correct=8/9, H error=130.49px
kaze [16/580] i_books_1_to_2: correct=299/336, H error=0.49px
kaze [17/580] i_books_1_to_3: correct=255/285, H error=1.47px
kaze [18/580] i_books_1_to_4: correct=287/315, H error=1.30px
kaze [19/580] i_books_1_to_5: correct=335/354, H error=0.34px
kaze [20/580] i_books_1_to_6: correct=356/384, H error=0.54px
kaze [21/580] i_boutique_1_to_2: correct=906/969, H error=1.03px
kaze [22/580] i_boutique_1_to_3: correct=368/414, H error=0.64px
kaze [23/580] i_boutique_1_to_4: correct=406/465, H error=1.50px
kaze [24/580] i_boutique_1_to_5: correct=41/84, H error=7.60px
kaze [25/580] i_boutique_1_to_6: correct=37/70, H error=7.35px
kaze [26/580] i_bridger_1_to_2: correct=698/770, H error=0.52px
kaze [27/580] i_bridger_1_to_3: correct=554/611, H error=0.73px
kaze [28/580] i_bridger_1_to_4: correct=542/580, H error=0.35px
kaze [29/580] i_bridger_1_to_5: correct=162/200, H error=0.38px
kaze [30/580] i_bridger_1_to_6: correct=5/23, H error=809.02px
kaze [31/580] i_brooklyn_1_to_2: correct=599/624, H error=0.63px
kaze [32/580] i_brooklyn_1_to_3: correct=123/1198, H error=3.38px
kaze [33/580] i_brooklyn_1_to_4: correct=89/140, H error=2.98px
kaze [34/580] i_brooklyn_1_to_5: correct=19/1207, H error=3.84px
kaze [35/580] i_brooklyn_1_to_6: correct=23/592, H error=3.59px
kaze [36/580] i_castle_1_to_2: correct=67/104, H error=2.38px
kaze [37/580] i_castle_1_to_3: correct=87/117, H error=1.02px
kaze [38/580] i_castle_1_to_4: correct=69/98, H error=3.34px
kaze [39/580] i_castle_1_to_5: correct=8/28, H error=26.32px
kaze [40/580] i_castle_1_to_6: correct=32/58, H error=1.96px
kaze [41/580] i_chestnuts_1_to_2: correct=561/594, H error=0.86px
kaze [42/580] i_chestnuts_1_to_3: correct=575/604, H error=0.77px
kaze [43/580] i_chestnuts_1_to_4: correct=598/622, H error=0.68px
kaze [44/580] i_chestnuts_1_to_5: correct=402/424, H error=0.15px
kaze [45/580] i_chestnuts_1_to_6: correct=103/130, H error=1.82px
kaze [46/580] i_contruction_1_to_2: correct=1627/1638, H error=0.27px
kaze [47/580] i_contruction_1_to_3: correct=1591/1606, H error=0.07px
kaze [48/580] i_contruction_1_to_4: correct=1167/1198, H error=0.32px
kaze [49/580] i_contruction_1_to_5: correct=299/331, H error=0.77px
kaze [50/580] i_contruction_1_to_6: correct=128/157, H error=0.60px
kaze [51/580] i_crownday_1_to_2: correct=54/80, H error=1.41px
kaze [52/580] i_crownday_1_to_3: correct=120/143, H error=1.35px
kaze [53/580] i_crownday_1_to_4: correct=237/267, H error=1.84px
kaze [54/580] i_crownday_1_to_5: correct=369/416, H error=0.79px
kaze [55/580] i_crownday_1_to_6: correct=60/82, H error=1.41px
kaze [56/580] i_crownnight_1_to_2: correct=318/367, H error=0.73px
